// Jest Snapshot v1, https://goo.gl/fbAQLP

exports[`Pruebas en <LoginScreen/> Debe mostrarse correctamente 1`] = `
<div
  className="container login-container"
>
  <img
    alt="Creativitics Icon"
    height="60"
    src="https://creativitics.net/wp-content/uploads/cropped-Icono-CreativiTICs.png"
    width="60"
  />
  <strong
    className="title-app"
  >
    alendar App
  </strong>
  <div
    className="row"
  >
    <div
      className="col-md-6 login-form-1"
    >
      <h3>
        Ingreso
      </h3>
      <form
        onSubmit={[Function]}
      >
        <div
          className="form-group"
        >
          <input
            className="form-control"
            name="lEmail"
            onChange={[Function]}
            placeholder="Correo"
            type="text"
            value=""
          />
        </div>
        <div
          className="form-group"
        >
          <input
            className="form-control"
            name="lPassword"
            onChange={[Function]}
            placeholder="Contraseña"
            type="password"
            value=""
          />
        </div>
        <div
          className="form-group"
        >
          <input
            className="btnSubmit"
            type="submit"
            value="Login"
          />
        </div>
      </form>
    </div>
    <div
      className="col-md-6 login-form-2"
    >
      <h3>
        Registro
      </h3>
      <form
        onSubmit={[Function]}
      >
        <div
          className="form-group"
        >
          <input
            className="form-control"
            name="rName"
            onChange={[Function]}
            placeholder="Nombre"
            type="text"
            value=""
          />
        </div>
        <div
          className="form-group"
        >
          <input
            className="form-control"
            name="rEmail"
            onChange={[Function]}
            placeholder="Correo"
            type="email"
            value=""
          />
        </div>
        <div
          className="form-group"
        >
          <input
            className="form-control"
            name="rPassword"
            onChange={[Function]}
            placeholder="Contraseña"
            type="password"
            value=""
          />
        </div>
        <div
          className="form-group"
        >
          <input
            className="form-control"
            name="rPassword2"
            onChange={[Function]}
            placeholder="Repita la contraseña"
            type="password"
            value=""
          />
        </div>
        <div
          className="form-group"
        >
          <input
            className="btnSubmit"
            type="submit"
            value="Crear cuenta"
          />
        </div>
      </form>
    </div>
  </div>
</div>
`;
